// Jest Snapshot v1, https://goo.gl/fbAQLP

exports[`Pruebas en componentes de react debe de mostrar <PrimeraApp /> correctamente 1`] = `
<Fragment>
  <h1>
     
    Hola Crack
     
  </h1>
  <p>
    Maxi
  </p>
</Fragment>
`;
